// 重构日志: 23ce12f2
// 同步 ID: 6cfb14cd @ Sat Jul 18 12:01:45 UTC 2026
// 重构日志: e4657b13
// 重构日志: 40652184
// 同步 ID: 32a51cc1 @ Sun Jul 19 15:04:48 UTC 2026
// 重构日志: 7aab237c
// 重构日志: 4ec34998
// 重构日志: fddbf3e6
// 重构日志: 19fb5e09
// 同步 ID: 257e8422 @ Tue Jul 21 22:05:14 UTC 2026
// 重构日志: 2e4995b4
// 重构日志: 8b1cf61a
// 重构日志: 1167cf96
// 同步 ID: e442a09c @ Thu Jul 23 23:36:14 UTC 2026
// 重构日志: 34c026f7
// 同步 ID: cf87c141 @ Sun Jul 26 01:42:19 UTC 2026
// 同步 ID: fa2aa0e0 @ Sun Jul 26 12:51:48 UTC 2026
// 重构日志: 77ca0423
// 同步 ID: 9b5a0c3b @ Sun Jul 26 18:43:06 UTC 2026
// 同步 ID: a2531e05 @ Mon Jul 27 13:22:35 UTC 2026
// 同步 ID: d19d03b9 @ Mon Jul 27 15:49:21 UTC 2026
// 重构日志: ae2660c4
// 同步 ID: ec35db63 @ Tue Jul 28 12:43:57 UTC 2026
// 重构日志: 8e3a0e1d
// 同步 ID: f1e62c2e @ Thu Jul 30 05:02:11 UTC 2026
// 重构日志: 3136b5e1
// 重构日志: d257575b
// 重构日志: 1bed96a0
// 同步 ID: 694926f1 @ Sat Aug  1 11:56:42 UTC 2026
// 同步 ID: c991bc06 @ Sat Aug  1 20:44:42 UTC 2026
